d:\desktop\source\halcon_extension\halcon_ui\build\halcon_uicint.dir\debug\vc143.pdb
d:\desktop\source\halcon_extension\halcon_ui\build\halcon_uicint.dir\debug\hchalcon_ui.obj
d:\desktop\source\halcon_extension\halcon_ui\build\hchalcon_ui.c
d:\desktop\source\halcon_extension\halcon_ui\build\hchalcon_ui.h
d:\desktop\source\halcon_extension\halcon_ui\build\cmakefiles\generate.stamp
d:\desktop\source\halcon_extension\halcon_ui\bin\halcon_uic.dll
d:\desktop\source\halcon_extension\halcon_ui\bin\halcon_uic.pdb
d:\desktop\source\halcon_extension\halcon_ui\bin\halcon_uic.lib
d:\desktop\source\halcon_extension\halcon_ui\bin\halcon_uic.exp
d:\desktop\source\halcon_extension\halcon_ui\build\halcon_uicint.dir\debug\halcon_uic.ilk
d:\desktop\source\halcon_extension\halcon_ui\build\halcon_uicint.dir\debug\halcon_uicint.tlog\cl.command.1.tlog
d:\desktop\source\halcon_extension\halcon_ui\build\halcon_uicint.dir\debug\halcon_uicint.tlog\cl.items.tlog
d:\desktop\source\halcon_extension\halcon_ui\build\halcon_uicint.dir\debug\halcon_uicint.tlog\cl.read.1.tlog
d:\desktop\source\halcon_extension\halcon_ui\build\halcon_uicint.dir\debug\halcon_uicint.tlog\cl.write.1.tlog
d:\desktop\source\halcon_extension\halcon_ui\build\halcon_uicint.dir\debug\halcon_uicint.tlog\custombuild.command.1.tlog
d:\desktop\source\halcon_extension\halcon_ui\build\halcon_uicint.dir\debug\halcon_uicint.tlog\custombuild.read.1.tlog
d:\desktop\source\halcon_extension\halcon_ui\build\halcon_uicint.dir\debug\halcon_uicint.tlog\custombuild.write.1.tlog
d:\desktop\source\halcon_extension\halcon_ui\build\halcon_uicint.dir\debug\halcon_uicint.tlog\link.command.1.tlog
d:\desktop\source\halcon_extension\halcon_ui\build\halcon_uicint.dir\debug\halcon_uicint.tlog\link.read.1.tlog
d:\desktop\source\halcon_extension\halcon_ui\build\halcon_uicint.dir\debug\halcon_uicint.tlog\link.secondary.1.tlog
d:\desktop\source\halcon_extension\halcon_ui\build\halcon_uicint.dir\debug\halcon_uicint.tlog\link.write.1.tlog
