d:\desktop\source\halcon_extension\halcon_ui\build\halcon_ui.dir\release\hhalcon_ui.obj
d:\desktop\source\halcon_extension\halcon_ui\build\halcon_ui.dir\release\websocket.obj
d:\desktop\source\halcon_extension\halcon_ui\build\halcon_ui.dir\release\source\halcon_ui.cpp.obj
d:\desktop\source\halcon_extension\halcon_ui\build\halcon_ui.dir\release\source\halcon_ui.c.obj
d:\desktop\source\halcon_extension\halcon_ui\build\hhalcon_ui.c
d:\desktop\source\halcon_extension\halcon_ui\build\cmakefiles\generate.stamp
d:\desktop\source\halcon_extension\halcon_ui\bin\halcon_ui.dll
d:\desktop\source\halcon_extension\halcon_ui\bin\halcon_ui.lib
d:\desktop\source\halcon_extension\halcon_ui\bin\halcon_ui.exp
d:\desktop\source\halcon_extension\halcon_ui\build\halcon_ui.dir\release\halcon_ui.tlog\cl.command.1.tlog
d:\desktop\source\halcon_extension\halcon_ui\build\halcon_ui.dir\release\halcon_ui.tlog\cl.items.tlog
d:\desktop\source\halcon_extension\halcon_ui\build\halcon_ui.dir\release\halcon_ui.tlog\cl.read.1.tlog
d:\desktop\source\halcon_extension\halcon_ui\build\halcon_ui.dir\release\halcon_ui.tlog\cl.write.1.tlog
d:\desktop\source\halcon_extension\halcon_ui\build\halcon_ui.dir\release\halcon_ui.tlog\custombuild.command.1.tlog
d:\desktop\source\halcon_extension\halcon_ui\build\halcon_ui.dir\release\halcon_ui.tlog\custombuild.read.1.tlog
d:\desktop\source\halcon_extension\halcon_ui\build\halcon_ui.dir\release\halcon_ui.tlog\custombuild.write.1.tlog
d:\desktop\source\halcon_extension\halcon_ui\build\halcon_ui.dir\release\halcon_ui.tlog\link.command.1.tlog
d:\desktop\source\halcon_extension\halcon_ui\build\halcon_ui.dir\release\halcon_ui.tlog\link.read.1.tlog
d:\desktop\source\halcon_extension\halcon_ui\build\halcon_ui.dir\release\halcon_ui.tlog\link.secondary.1.tlog
d:\desktop\source\halcon_extension\halcon_ui\build\halcon_ui.dir\release\halcon_ui.tlog\link.write.1.tlog
