d:\desktop\source\halcon_extension\halcon_ui\build\halcon_uicppint.dir\debug\vc143.pdb
d:\desktop\source\halcon_extension\halcon_ui\build\halcon_uicppint.dir\debug\hcpphalcon_ui.obj
d:\desktop\source\halcon_extension\halcon_ui\build\hcpphalcon_ui.cpp
d:\desktop\source\halcon_extension\halcon_ui\build\hcpphalcon_ui.h
d:\desktop\source\halcon_extension\halcon_ui\build\cmakefiles\generate.stamp
d:\desktop\source\halcon_extension\halcon_ui\bin\halcon_uicpp.dll
d:\desktop\source\halcon_extension\halcon_ui\bin\halcon_uicpp.pdb
d:\desktop\source\halcon_extension\halcon_ui\bin\halcon_uicpp.lib
d:\desktop\source\halcon_extension\halcon_ui\bin\halcon_uicpp.exp
d:\desktop\source\halcon_extension\halcon_ui\build\halcon_uicppint.dir\debug\halcon_uicpp.ilk
d:\desktop\source\halcon_extension\halcon_ui\build\halcon_uicppint.dir\debug\halcon_uicppint.tlog\cl.command.1.tlog
d:\desktop\source\halcon_extension\halcon_ui\build\halcon_uicppint.dir\debug\halcon_uicppint.tlog\cl.items.tlog
d:\desktop\source\halcon_extension\halcon_ui\build\halcon_uicppint.dir\debug\halcon_uicppint.tlog\cl.read.1.tlog
d:\desktop\source\halcon_extension\halcon_ui\build\halcon_uicppint.dir\debug\halcon_uicppint.tlog\cl.write.1.tlog
d:\desktop\source\halcon_extension\halcon_ui\build\halcon_uicppint.dir\debug\halcon_uicppint.tlog\custombuild.command.1.tlog
d:\desktop\source\halcon_extension\halcon_ui\build\halcon_uicppint.dir\debug\halcon_uicppint.tlog\custombuild.read.1.tlog
d:\desktop\source\halcon_extension\halcon_ui\build\halcon_uicppint.dir\debug\halcon_uicppint.tlog\custombuild.write.1.tlog
d:\desktop\source\halcon_extension\halcon_ui\build\halcon_uicppint.dir\debug\halcon_uicppint.tlog\link.command.1.tlog
d:\desktop\source\halcon_extension\halcon_ui\build\halcon_uicppint.dir\debug\halcon_uicppint.tlog\link.read.1.tlog
d:\desktop\source\halcon_extension\halcon_ui\build\halcon_uicppint.dir\debug\halcon_uicppint.tlog\link.secondary.1.tlog
d:\desktop\source\halcon_extension\halcon_ui\build\halcon_uicppint.dir\debug\halcon_uicppint.tlog\link.write.1.tlog
